packed: read[ok dense=true length=3 owned=3 frozen=true first="a" last="c"] arrayOf=true is=true audit=[]
empty: read[ok dense=true length=0 owned=0 frozen=true first=undefined last=undefined] arrayOf=true is=true audit=[]
extra own key: read[ok dense=true length=2 owned=2 frozen=true first="a" last="b"] arrayOf=true is=true audit=[]
symbol key: read[ok dense=true length=2 owned=2 frozen=true first="a" last="b"] arrayOf=true is=true audit=[]
sparse middle: read[ok dense=false length=3 owned=2 frozen=true first="a" last="c"] arrayOf=false is=false audit=[{"reason":"type","path":["1"],"expected":"string","received":"undefined"}]
trailing hole: read[ok dense=false length=3 owned=1 frozen=true first="a" last=undefined] arrayOf=false is=false audit=[{"reason":"type","path":["1"],"expected":"string","received":"undefined"},{"reason":"type
frozen: read[ok dense=true length=2 owned=2 frozen=true first="a" last="b"] arrayOf=true is=true audit=[]
non-writable index: read[ok dense=true length=2 owned=2 frozen=true first="a" last="b"] arrayOf=true is=true audit=[]
accessor index: read[ok dense=true length=2 owned=2 frozen=true first="a" last="g"] arrayOf=true is=true audit=[]
length 1024: read[ok dense=true length=1024 owned=1024 frozen=true first="v0" last="v1023"] arrayOf=true is=true audit=[]
length 1025: read[ok dense=true length=1025 owned=1025 frozen=true first="v0" last="v1024"] arrayOf=true is=true audit=[]
length 1500: read[ok dense=true length=1500 owned=1500 frozen=true first="v0" last="v1499"] arrayOf=true is=true audit=[]
proto index on hole: read[ok dense=false length=3 owned=2 frozen=true first="a" last="c"] arrayOf=false is=false audit=[{"reason":"type","path":["1"],"expected":"string","received":"undefined"}]
proxy canonical keys, disowned index: read[refused:Array index views disagree] arrayOf=false is=false audit=THREW structure compileAuditor: array could not be read
proxy descending keys: read[ok dense=true length=2 owned=2 frozen=true first="a" last="b"] arrayOf=true is=true audit=[]
proxy length before indices: read[ok dense=true length=2 owned=2 frozen=true first="a" last="b"] arrayOf=true is=true audit=[]
proxy lying length larger: read[ok dense=false length=5 owned=2 frozen=true first="a" last=undefined] arrayOf=false is=false audit=[{"reason":"type","path":["2"],"expected":"string","received":"undefined"},{"reason":"type
proxy lying length smaller: read[refused:Array index views disagree] arrayOf=false is=false audit=THREW structure compileAuditor: array could not be read
proxy index get throws: read[refused:boom] arrayOf=false is=false audit=THREW structure compileAuditor: array could not be read
proxy ownKeys throws: read[refused:keys] arrayOf=false is=false audit=THREW structure compileAuditor: array could not be read
proxy extra reported key: read[ok dense=true length=2 owned=2 frozen=true first="a" last="b"] arrayOf=true is=true audit=[]
proxy canonical but index text mismatch: read[ok dense=false length=2 owned=1 frozen=true first="a" last=undefined] arrayOf=false is=false audit=[{"reason":"type","path":["1"],"expected":"string","received":"undefined"}]
typed array: read[ok dense=true length=2 owned=2 frozen=true first=1 last=2] arrayOf=false is=false audit=[{"reason":"type","path":[],"expected":"array","received":"object"}]
array-like object: read[ok dense=true length=2 owned=2 frozen=true first="a" last="b"] arrayOf=false is=false audit=[{"reason":"type","path":[],"expected":"array","received":"object"}]
non-array: read[refused:Reflect.ownKeys called on non-object] arrayOf=false is=false audit=[{"reason":"type","path":[],"expected":"array","received":"\"text\""}]
