=== medium-is ===
total sampled 2077 ms; frames 57
 33.4%  (anonymous) @ index.js:2419
 12.9%  guards @ index.js:7142
 10.9%  (anonymous) @ index.js:6866
  8.8%  (anonymous) @ index.js:7146
  5.8%  (garbage collector) @ :0
  4.4%  (anonymous) @ index.js:2528
  4.2%  attempt @ index.js:2162
  4.0%  (anonymous) @ index.js:5950
  3.3%  (anonymous) @ index.js:5587
  2.3%  (anonymous) @ cpu-attribution.mjs:1
  1.3%  (anonymous) @ index.js:5941
  0.9%  matchesRecordBrand @ index.js:2370
  0.8%  matchesMember @ index.js:1723
  0.8%  (anonymous) @ index.js:6085
  0.7%  (program) @ :0
  0.5%  compileForInternalLoader @ realm:385
  0.5%  isInteger @ index.js:634
  0.4%  (anonymous) @ index.js:7105
  0.4%  (anonymous) @ index.js:5639
  0.3%  isFiniteNumber @ index.js:623
  0.3%  compileSourceTextModule @ utils:344
  0.3%  isString @ index.js:595
top-22 capture: 97.4% of samples
=== deep-audit ===
total sampled 2070 ms; frames 68
 12.9%  (anonymous) @ index.js:2200
 12.1%  (anonymous) @ index.js:7604
 10.7%  (anonymous) @ index.js:2419
 10.6%  (garbage collector) @ :0
  7.4%  attempt @ index.js:2162
  7.4%  plans @ index.js:7581
  6.8%  (anonymous) @ index.js:6908
  4.1%  readValue.subject @ index.js:7596
  3.3%  readValue @ index.js:2199
  3.0%  entries @ index.js:7519
  2.7%  get pattern @ index.js:5048
  2.1%  readPatternFlags @ index.js:2009
  1.9%  matchesMember @ index.js:1723
  1.7%  node @ index.js:7465
  1.3%  (anonymous) @ index.js:7479
  1.1%  readValue.subject @ index.js:3173
  0.9%  createArrayFaults @ index.js:3282
  0.9%  node @ index.js:7509
  0.8%  readPattern @ index.js:2060
  0.7%  (program) @ :0
  0.6%  holds @ index.js:2301
  0.6%  (anonymous) @ index.js:991
top-22 capture: 93.6% of samples
