node v22.22.2; adaptive calls targeting 40 ms/round; median of 7 rounds
--- shape: medium
is(valid)       : 1562 ns/op (min 1521, max 1793; 15175 calls x 7 rounds)
is(invalid-late): 1559 ns/op (min 1502, max 1693; 22847 calls x 7 rounds)
parse(valid)    : 1742 ns/op (min 1726, max 1837; 18594 calls x 7 rounds)
audit(valid)    : 2837 ns/op (min 2770, max 2896; 12325 calls x 7 rounds)
explain(invalid): 2227 ns/op (min 2166, max 2480; 12824 calls x 7 rounds)
generate()      : 5695 ns/op (min 4808, max 6036; 6217 calls x 7 rounds)
--- shape: deep
is(valid)       : 6116 ns/op (min 5402, max 14001; 5924 calls x 7 rounds)
is(invalid-late): 5422 ns/op (min 5305, max 6092; 7573 calls x 7 rounds)
parse(valid)    : 6164 ns/op (min 5717, max 6865; 6447 calls x 7 rounds)
audit(valid)    : 9821 ns/op (min 9308, max 10530; 3877 calls x 7 rounds)
explain(invalid): 7022 ns/op (min 6456, max 8288; 5658 calls x 7 rounds)
generate()      : 17039 ns/op (min 15844, max 18927; 2286 calls x 7 rounds)
--- controls
CONTROL_TIMER (empty body): 9 ns/op (min 9, max 13; 1000000 calls x 7 rounds)
timer floor 9.0 ns/op vs cheapest subject 1559 ns/op: DISCRIMINATES
ordering control: deep > medium for every family - DISCRIMINATES
sink 4287815
