success plain: returned 7
success full context: returned "v"
failure full context: THREW ContractError code=bound msg="door: thing could not be read" contextKeys=path,shape,limit,received context={"path":["a","b"],"shape":"string","limit":3,"received":"\"x\""} cause="boom"
failure partial context: THREW ContractError code=structure msg="door: thing could not be read" contextKeys=shape context={"shape":"object"} cause="boom"
failure no context: THREW ContractError code=structure msg="door: thing could not be read" contextKeys=- context=undefined cause="boom"
failure no options: THREW ContractError code=structure msg="door: value could not be read" contextKeys=- context=undefined cause="boom"
failure unknown code: THREW ContractError code=structure msg="door: value could not be read" contextKeys=path context={"path":[]} cause="boom"
failure non-string reader/subject: THREW ContractError code=structure msg="readValue: value could not be read" contextKeys=- context=undefined cause="boom"
advertised getter throws on success: THREW ContractError code=structure msg="readValue: options could not be read" contextKeys=- context=undefined cause="path-getter"
unadvertised getter throws on success: THREW ContractError code=structure msg="readValue: options could not be read" contextKeys=- context=undefined cause="extra-getter"
unadvertised getter throws on failure: THREW ContractError code=structure msg="readValue: options could not be read" contextKeys=- context=undefined cause="extra-getter"
non-enumerable unadvertised getter: returned 1
code getter throws: THREW ContractError code=structure msg="readValue: options could not be read" contextKeys=- context=undefined cause="code-getter"
subject getter throws: THREW ContractError code=structure msg="readValue: options could not be read" contextKeys=- context=undefined cause="subject-getter"
context getter throws: THREW ContractError code=structure msg="readValue: options could not be read" contextKeys=- context=undefined cause="context-getter"
inherited field via prototype: THREW ContractError code=structure msg="door: value could not be read" contextKeys=shape context={"shape":"s"} cause="boom"
Object.prototype.path polluted, failure with other fields: THREW ContractError code=structure msg="door: value could not be read" contextKeys=shape context={"shape":"s"} cause="boom"
Object.prototype.shape polluted, failure with other fields: THREW ContractError code=structure msg="door: value could not be read" contextKeys=shape context={"shape":"own"} cause="boom"
Object.prototype.limit polluted, failure with other fields: THREW ContractError code=structure msg="door: value could not be read" contextKeys=shape context={"shape":"s"} cause="boom"
Object.prototype.received polluted, failure with other fields: THREW ContractError code=structure msg="door: value could not be read" contextKeys=shape context={"shape":"s"} cause="boom"
context is null: THREW ContractError code=structure msg="door: value could not be read" contextKeys= context={} cause="boom"
subject accessor alternating string then hostile object: THREW ContractError code=structure msg="door: thing could not be read" contextKeys=- context=undefined cause="boom"
options is a string: THREW ContractError code=structure msg="door: value could not be read" contextKeys=- context=undefined cause="boom"
auditor prototype-trap refusal: THREW ContractError code=structure msg="compileAuditor: object could not be read" contextKeys=path,shape context={"path":["root"],"shape":"object"} cause="proto"
auditor ownKeys-trap refusal: THREW ContractError code=structure msg="compileAuditor: object could not be read" contextKeys=path,shape context={"path":[],"shape":"object"} cause="keys"
