=== build ===
build exit=0

Copied: dist/src/core/index.d.ts to dist/src/core/index.d.cts
=== mutation reproduction ===
2
-- mutated (own corroboration removed) --
⎯⎯⎯⎯⎯⎯⎯ Failed Tests 4 ⎯⎯⎯⎯⎯⎯⎯
 FAIL  |src:core| tests/src/core/helpers.test.ts > readArrayEntries > refuses a canonical population that disowns its last index
 FAIL  |src:core| tests/src/core/helpers.test.ts > readArrayEntries > refuses a canonical population that disowns its first index
 FAIL  |src:core| tests/src/core/helpers.test.ts > readArrayEntries > preserves exact reasons from reflected membership and value reads
 FAIL  |src:core| tests/src/core/helpers.test.ts > matchesJSONDepth > refuses contradictory, impossible, and hostile array reads
      Tests  4 failed | 217 passed (221)
restore check: RESTORED-EXACTLY
-- restored --
      Tests  221 passed (221)
=== hostile-array record (u1 vs base) ===
hostile record: IDENTICAL
=== trap-count record (u1 vs base) ===
trap counts: IDENTICAL
=== parity (identity form) ===
PARITY: IDENTICAL
=== parity (content form) ===
PARITY: IDENTICAL
=== 6-process A/B (u1 source build vs base015) ===
is-medium: median 0.922 min 0.884 max 0.996 replicates ab-1=0.884 ab-2=0.922 ab-3=0.929 ba-1=0.902 ba-2=0.903 ba-3=0.996
parse-medium: median 0.902 min 0.876 max 0.921 replicates ab-1=0.895 ab-2=0.876 ab-3=0.902 ba-1=0.921 ba-2=0.899 ba-3=0.912
is-deep: median 0.947 min 0.933 max 0.957 replicates ab-1=0.957 ab-2=0.936 ab-3=0.939 ba-1=0.933 ba-2=0.947 ba-3=0.954
is-list48: median 0.854 min 0.848 max 0.858 replicates ab-1=0.858 ab-2=0.852 ab-3=0.855 ba-1=0.849 ba-2=0.854 ba-3=0.848
audit-list48: median 0.903 min 0.847 max 0.963 replicates ab-1=0.847 ab-2=0.892 ab-3=0.860 ba-1=0.924 ba-2=0.963 ba-3=0.903
U1F ACCEPTANCE EVIDENCE COMPLETE
