=== build ===
build exit=0
      Tests  234 passed (234)
      Tests  259 passed (259)
   Duration  6.75s (transform 823ms, setup 666ms, import 329ms, tests 5.55s, environment 0ms)
=== pattern-fault record (u3 vs base) ===
pattern record: IDENTICAL
=== parity identity form ===
PARITY: IDENTICAL
=== parity content form ===
PARITY: IDENTICAL
=== 6-process A/B: u2f checkpoint (A) vs u3 (B) — isolates U3 ===
audit-deep: median 0.904 min 0.879 max 0.923 replicates ab-1=0.896 ab-2=0.914 ab-3=0.879 ba-1=0.895 ba-2=0.923 ba-3=0.904
explain-deep: median 0.872 min 0.845 max 0.875 replicates ab-1=0.867 ab-2=0.875 ab-3=0.872 ba-1=0.845 ba-2=0.870 ba-3=0.873
audit-medium: median 1.022 min 0.968 max 1.089 replicates ab-1=1.022 ab-2=1.089 ab-3=0.968 ba-1=0.980 ba-2=1.048 ba-3=0.970
explain-medium: median 1.004 min 0.959 max 1.012 replicates ab-1=0.967 ab-2=0.998 ab-3=1.004 ba-1=0.959 ba-2=1.012 ba-3=1.004
=== 6-process A/B: base015 (A) vs u3 (B) — cumulative ===
audit-deep: median 0.769 min 0.718 max 0.785 replicates ab-1=0.785 ab-2=0.769 ab-3=0.749 ba-1=0.766 ba-2=0.718 ba-3=0.781
explain-deep: median 0.803 min 0.760 max 0.820 replicates ab-1=0.820 ab-2=0.798 ab-3=0.803 ba-1=0.803 ba-2=0.760 ba-3=0.815
audit-medium: median 0.848 min 0.764 max 0.876 replicates ab-1=0.851 ab-2=0.848 ab-3=0.781 ba-1=0.842 ba-2=0.764 ba-3=0.876
explain-medium: median 0.738 min 0.693 max 0.748 replicates ab-1=0.727 ab-2=0.738 ab-3=0.742 ba-1=0.729 ba-2=0.693 ba-3=0.748
U3F ACCEPTANCE EVIDENCE COMPLETE
