cmd: node --cpu-prof instruments/cpu-differential.mjs <with-literal|no-literal>, 2026-09-01
=== subject: with-literal
with-literal sink 681000
total sampled 2123 ms; frames 50
 23.2%  (anonymous) @ index.js:2395
 12.2%  (anonymous) @ index.js:6834
 11.4%  (garbage collector) @ :0
  9.8%  collectMembers @ index.js:1681
  8.0%  sortValues @ index.js:1642
  6.1%  (anonymous) @ index.js:5557
  5.3%  (anonymous) @ index.js:7075
  4.7%  guards @ index.js:7071
  2.7%  (anonymous) @ index.js:5920
  2.3%  matchesMember @ index.js:1699
  2.3%  (anonymous) @ index.js:2498
  2.1%  compileSourceTextModule @ utils:344
  1.2%  (anonymous) @ cpu-differential.mjs:1
=== subject: no-literal
no-literal sink 818000
total sampled 2075 ms; frames 49
 23.0%  (anonymous) @ index.js:2395
 14.4%  (anonymous) @ index.js:6834
 13.7%  (garbage collector) @ :0
  8.0%  sortValues @ index.js:1642
  7.2%  (anonymous) @ index.js:5557
  5.6%  guards @ index.js:7071
  5.3%  (anonymous) @ index.js:7075
  4.2%  collectMembers @ index.js:1681
  3.7%  (anonymous) @ index.js:5920
  3.1%  (anonymous) @ index.js:2498
  1.6%  matchesMember @ index.js:1699
  1.4%  (anonymous) @ cpu-differential.mjs:1
  1.1%  matchesRecordBrand @ index.js:2346
