cmd: node --cpu-prof --cpu-prof-dir=profiles instruments/cpu-attribution.mjs <subject>; parse with parse-cpuprofile.mjs; @ contract 859d149, 2026-09-01
=== subject: medium-is
medium-is sink 697000
total sampled 2091 ms; frames 62
 23.4%  (anonymous) @ index.js:2395
 11.0%  (anonymous) @ index.js:6834
  9.7%  (garbage collector) @ :0
  9.2%  collectMembers @ index.js:1681
  8.6%  sortValues @ index.js:1642
  8.1%  guards @ index.js:7071
  6.5%  (anonymous) @ index.js:5557
  4.8%  (anonymous) @ index.js:7075
  3.6%  (anonymous) @ index.js:5920
  2.3%  matchesMember @ index.js:1699
  2.3%  (anonymous) @ index.js:2498
  1.8%  (anonymous) @ cpu-attribution.mjs:1
  1.0%  (program) @ :0
  0.7%  compileForInternalLoader @ realm:385
  0.7%  (anonymous) @ index.js:5911
  0.7%  matchesRecordBrand @ index.js:2346
  0.5%  isString @ index.js:571
  0.4%  (anonymous) @ index.js:5609
  0.4%  attempt @ index.js:2138
  0.4%  isInteger @ index.js:610
  0.3%  (anonymous) @ index.js:6055
  0.3%  (anonymous) @ index.js:7043
top-22 capture: 96.8% of samples
=== subject: deep-audit
deep-audit sink 0
total sampled 2083 ms; frames 69
 10.3%  (garbage collector) @ :0
 10.1%  (anonymous) @ index.js:7495
  9.1%  (anonymous) @ index.js:2176
  7.9%  collectMembers @ index.js:1681
  7.0%  (anonymous) @ index.js:2395
  6.4%  (anonymous) @ index.js:6860
  6.1%  plans @ index.js:7472
  5.6%  attempt @ index.js:2138
  4.4%  entries @ index.js:7419
  3.5%  node @ index.js:7366
  3.1%  preview @ index.js:3070
  2.6%  get pattern @ index.js:5018
  2.6%  readValue.subject @ index.js:3143
  2.5%  readValue @ index.js:2175
  2.4%  readValue.subject @ index.js:7487
  2.2%  matchesMember @ index.js:1699
  1.4%  readPatternFlags @ index.js:1985
  1.2%  node @ index.js:7409
  1.1%  sortValues @ index.js:1642
  0.9%  compileForInternalLoader @ realm:385
  0.8%  (anonymous) @ index.js:7379
  0.8%  (program) @ :0
top-22 capture: 92.1% of samples
