cmd: node instruments/mechanisms.mjs, 2026-09-01, node v22.22.2
M-A attempt+Result vs bare try/catch (identity control: tryA vs tryB)
  attempt+Result : 2.9 ns/op (min 2.8, max 7.6; 595942 calls)
  try/catch A    : 10.1 ns/op (min 9.9, max 11.7; 837054 calls)
  try/catch B    : 9.3 ns/op (min 9.1, max 9.9; 2000000 calls)
  ratio attempt/try: 0.28x; identity |A-B|/A: 7.7%
M-B required-key presence: fresh Set vs hasOwnProperty.call vs plain reads
  fresh Set+apply: 307.0 ns/op (min 301.1, max 325.3; 94986 calls)
  hasOwn apply   : 69.3 ns/op (min 67.7, max 71.9; 465875 calls)
  plain reads    : 73.5 ns/op (min 70.8, max 77.2; 439934 calls)
  ratio set/own: 4.43x; set/read: 4.18x
M-C array read: defensive snapshot vs honest packed walk (4 elements)
  snapshot       : 929.1 ns/op (min 923.8, max 998.8; 32436 calls)
  honest walk    : 12.2 ns/op (min 11.9, max 12.3; 2000000 calls)
  ratio snapshot/honest: 76.29x
M-D WeakMap read: Reflect.apply vs compile-bound get vs plain method call
  Reflect.apply  : 17.7 ns/op (min 17.2, max 18.9; 1943068 calls)
  pre-bound get  : 17.5 ns/op (min 17.1, max 18.6; 1830105 calls)
  plain get      : 17.8 ns/op (min 17.4, max 18.0; 1973165 calls)
  ratio apply/bound: 1.01x; apply/plain: 0.99x
M-E fresh keys array: frozen vs unfrozen
  freeze(keys)   : 74.4 ns/op (min 72.5, max 80.2; 450752 calls)
  keys bare      : 26.7 ns/op (min 26.1, max 31.9; 345768 calls)
  ratio frozen/bare: 2.79x
sink 156641311
