cmd: node instruments/ops-baseline.mjs @ contract 5142c7e (accepted tree), 2026-09-01 — restatement beside the 859d149 baseline, same coverage statement
node v22.22.2; adaptive calls targeting 40 ms/round; median of 7 rounds
--- shape: medium
is(valid)       : 2057 ns/op (min 2004, max 2254; 14341 calls x 7 rounds)
is(invalid-late): 2041 ns/op (min 1933, max 2109; 21575 calls x 7 rounds)
parse(valid)    : 2377 ns/op (min 2276, max 2691; 15632 calls x 7 rounds)
audit(valid)    : 4214 ns/op (min 4044, max 4632; 6870 calls x 7 rounds)
explain(invalid): 3781 ns/op (min 3547, max 4234; 8914 calls x 7 rounds)
generate()      : 6354 ns/op (min 6089, max 7213; 6993 calls x 7 rounds)
--- shape: deep
is(valid)       : 6729 ns/op (min 6220, max 6985; 5521 calls x 7 rounds)
is(invalid-late): 6584 ns/op (min 6383, max 6986; 6521 calls x 7 rounds)
parse(valid)    : 7200 ns/op (min 7130, max 7714; 5144 calls x 7 rounds)
audit(valid)    : 15181 ns/op (min 14283, max 15970; 2661 calls x 7 rounds)
explain(invalid): 9010 ns/op (min 8752, max 9769; 4025 calls x 7 rounds)
generate()      : 17864 ns/op (min 17202, max 20138; 2178 calls x 7 rounds)
--- controls
CONTROL_TIMER (empty body): 9 ns/op (min 9, max 10; 1000000 calls x 7 rounds)
timer floor 9.1 ns/op vs cheapest subject 2041 ns/op: DISCRIMINATES
ordering control: deep > medium for every family - DISCRIMINATES
sink 4198908
