cmd: node instruments/ops-baseline.mjs @ contract 859d149 (0.0.14), 2026-09-01, rerun after deepGen substitution
node v22.22.2; adaptive calls targeting 40 ms/round; median of 7 rounds
--- shape: medium
is(valid)       : 2327 ns/op (min 2305, max 2815; 13137 calls x 7 rounds)
is(invalid-late): 2498 ns/op (min 2342, max 4227; 15245 calls x 7 rounds)
parse(valid)    : 2623 ns/op (min 2530, max 3141; 12531 calls x 7 rounds)
audit(valid)    : 4874 ns/op (min 4604, max 5318; 6201 calls x 7 rounds)
explain(invalid): 4302 ns/op (min 4270, max 4347; 8221 calls x 7 rounds)
generate()      : 5481 ns/op (min 4618, max 5743; 5667 calls x 7 rounds)
--- shape: deep
is(valid)       : 7611 ns/op (min 7401, max 7955; 4966 calls x 7 rounds)
is(invalid-late): 7770 ns/op (min 7559, max 8281; 4760 calls x 7 rounds)
parse(valid)    : 7677 ns/op (min 7272, max 7757; 4923 calls x 7 rounds)
audit(valid)    : 21269 ns/op (min 20048, max 25897; 1930 calls x 7 rounds)
explain(invalid): 14798 ns/op (min 13896, max 15563; 2606 calls x 7 rounds)
generate()      : 18003 ns/op (min 17478, max 18341; 2218 calls x 7 rounds)
--- controls
CONTROL_TIMER (empty body): 9 ns/op (min 9, max 9; 1000000 calls x 7 rounds)
timer floor 9.0 ns/op vs cheapest subject 2327 ns/op: DISCRIMINATES
ordering control: deep > medium for every family - DISCRIMINATES
sink 4082918
