cmd: node parity.mjs identity + seeded control, 2026-09-01
=== identity (same dist both sides)
comparisons: 1062
PARITY: IDENTICAL
=== seeded control (isString sabotaged in copy)
seeded
comparisons: 1062
DIFF leaf.is(validString): true VS false
DIFF leaf.parse(validString): "Ada" VS UNDEFINED
DIFF leaf.audit(validString): [] VS [{"reason":"type","path":[],"expected":"string","received":"string"}]
DIFF leaf.explain(validString): [] VS [{"reason":"type","path":[],"expected":"string","received":"string"}]
DIFF flat.audit(validString): [{"reason":"type","path":[],"expected":"object","received":"\"Ada\""}] VS [{"reason":"type","path":[],"expected":"object","received":"string"}]
DIFF flat.explain(validString): [{"reason":"type","path":[],"expected":"object","received":"\"Ada\""}] VS [{"reason":"type","path":[],"expected":"object","received":"string"}]
DIFF flat.is(validFlat): true VS false
DIFF flat.parse(validFlat): {"name":"Ada","age":36,"active":true} VS UNDEFINED
DIFF flat.audit(validFlat): [] VS [{"reason":"type","path":["name"],"expected":"string","received":"string"}]
DIFF flat.explain(validFlat): [] VS [{"reason":"type","path":["name"],"expected":"string","received":"string"}]
DIFF flat.parse(extraFlat): {"name":"Ada","age":36,"active":true} VS UNDEFINED
DIFF flat.audit(extraFlat): [{"reason":"extra","path":["extra"]}] VS [{"reason":"type","path":["name"],"expected":"string","received":"string"},{"reason":"extra","path":["extra"]}]
DIFF flat.explain(extraFlat): [] VS [{"reason":"type","path":["name"],"expected":"string","received":"string"}]
DIFF flat.audit(missingFlat): [{"reason":"missing","path":["age"],"expected":"integer"},{"reason":"missing","path":["active"],"expected":"boolean"}] VS [{"reason":"type","path":["name"],"expected":"string","received":"string"},{"reason":"missing","path":["age"],"expected"
DIFF flat.explain(missingFlat): [{"reason":"missing","path":["age"],"expected":"integer"},{"reason":"missing","path":["active"],"expected":"boolean"}] VS [{"reason":"type","path":["name"],"expected":"string","received":"string"},{"reason":"missing","path":["age"],"expected"
DIFF flat.parse(validMedium): {"name":"Ada","age":36,"active":true} VS UNDEFINED
DIFF flat.audit(validMedium): [{"reason":"extra","path":["tags"]},{"reason":"extra","path":["role"]}] VS [{"reason":"type","path":["name"],"expected":"string","received":"string"},{"reason":"extra","path":["tags"]},{"reason":
DIFF flat.explain(validMedium): [] VS [{"reason":"type","path":["name"],"expected":"string","received":"string"}]
DIFF flat.parse(invalidLateMedium): {"name":"Ada","age":36,"active":true} VS UNDEFINED
DIFF flat.audit(invalidLateMedium): [{"reason":"extra","path":["tags"]},{"reason":"extra","path":["role"]}] VS [{"reason":"type","path":["name"],"expected":"string","received":"string"},{"reason":"extra","path":["tags"]},{"reason":
DIFF flat.explain(invalidLateMedium): [] VS [{"reason":"type","path":["name"],"expected":"string","received":"string"}]
DIFF flat.parse(coercibleMedium): {"name":"Ada","age":36,"active":true} VS UNDEFINED
DIFF flat.audit(coercibleMedium): [{"reason":"type","path":["age"],"expected":"integer","received":"\"36\""},{"reason":"extra","path":["tags"]},{"reason": VS [{"reason":"type","path":["name"],"expected":"string","received":"string"},{"reason":"type","path":["age"],"expected":"i
DIFF flat.explain(coercibleMedium): [] VS [{"reason":"type","path":["name"],"expected":"string","received":"string"}]
DIFF flat.parse(protoKey): {"name":"Ada","age":5,"active":true} VS UNDEFINED
DIFF flat.audit(protoKey): [{"reason":"extra","path":["__proto__"]}] VS [{"reason":"type","path":["name"],"expected":"string","received":"string"},{"reason":"extra","path":["__proto__"]}]
DIFF flat.explain(protoKey): [] VS [{"reason":"type","path":["name"],"expected":"string","received":"string"}]
DIFF medium.audit(validString): [{"reason":"type","path":[],"expected":"object","received":"\"Ada\""}] VS [{"reason":"type","path":[],"expected":"object","received":"string"}]
DIFF medium.explain(validString): [{"reason":"type","path":[],"expected":"object","received":"\"Ada\""}] VS [{"reason":"type","path":[],"expected":"object","received":"string"}]
DIFF medium.audit(validFlat): [{"reason":"missing","path":["tags"],"expected":"array"},{"reason":"missing","path":["role"],"expected":"literal"}] VS [{"reason":"type","path":["name"],"expected":"string","received":"string"},{"reason":"missing","path":["tags"],"expected
DIFF medium.explain(validFlat): [{"reason":"missing","path":["tags"],"expected":"array"},{"reason":"missing","path":["role"],"expected":"literal"}] VS [{"reason":"type","path":["name"],"expected":"string","received":"string"},{"reason":"missing","path":["tags"],"expected
DIFF medium.audit(extraFlat): [{"reason":"missing","path":["tags"],"expected":"array"},{"reason":"missing","path":["role"],"expected":"literal"},{"rea VS [{"reason":"type","path":["name"],"expected":"string","received":"string"},{"reason":"missing","path":["tags"],"expected
DIFF medium.explain(extraFlat): [{"reason":"missing","path":["tags"],"expected":"array"},{"reason":"missing","path":["role"],"expected":"literal"}] VS [{"reason":"type","path":["name"],"expected":"string","received":"string"},{"reason":"missing","path":["tags"],"expected
DIFF medium.audit(missingFlat): [{"reason":"missing","path":["age"],"expected":"integer"},{"reason":"missing","path":["active"],"expected":"boolean"},{" VS [{"reason":"type","path":["name"],"expected":"string","received":"string"},{"reason":"missing","path":["age"],"expected"
DIFF medium.explain(missingFlat): [{"reason":"missing","path":["age"],"expected":"integer"},{"reason":"missing","path":["active"],"expected":"boolean"},{" VS [{"reason":"type","path":["name"],"expected":"string","received":"string"},{"reason":"missing","path":["age"],"expected"
DIFF medium.is(validMedium): true VS false
DIFF medium.parse(validMedium): {"name":"Ada","age":36,"active":true,"tags":["ops","ml"],"role":"admin"} VS UNDEFINED
DIFF medium.audit(validMedium): [] VS [{"reason":"type","path":["name"],"expected":"string","received":"string"}]
DIFF medium.explain(validMedium): [] VS [{"reason":"type","path":["name"],"expected":"string","received":"string"}]
DIFF medium.audit(invalidLateMedium): [{"reason":"type","path":["role"],"expected":"literal","received":"\"guest\""}] VS [{"reason":"type","path":["name"],"expected":"string","received":"string"},{"reason":"type","path":["role"],"expected":"
PARITY: 64 DIFFERENCES
seeded-control exit: 1
