cmd: bash typefixture/run-typefixture.sh @ contract 859d149 dist declarations, tsc 6.0.2, 2026-09-01
=== tier: t0-control
--- run 1
Files:                         94
Symbols:                    33044
Types:                        107
Instantiations:                 2
Memory used:               64305K
Parse time:                 0.31s
Bind time:                  0.17s
Check time:                 0.02s
Total time:                 0.56s
--- run 2
Files:                         94
Symbols:                    33044
Types:                        107
Instantiations:                 2
Memory used:               64134K
Parse time:                 0.32s
Bind time:                  0.17s
Check time:                 0.03s
Total time:                 0.57s
--- run 3
Files:                         94
Symbols:                    33044
Types:                        107
Instantiations:                 2
Memory used:               64450K
Parse time:                 0.34s
Bind time:                  0.18s
Check time:                 0.02s
Total time:                 0.59s
=== tier: t1-shapes
--- run 1
Files:                         95
Symbols:                    35756
Types:                        413
Instantiations:               325
Memory used:               66993K
Parse time:                 0.35s
Bind time:                  0.16s
Check time:                 0.09s
Total time:                 0.64s
--- run 2
Files:                         95
Symbols:                    35756
Types:                        413
Instantiations:               325
Memory used:               69525K
Parse time:                 0.35s
Bind time:                  0.14s
Check time:                 0.07s
Total time:                 0.61s
--- run 3
Files:                         95
Symbols:                    35756
Types:                        413
Instantiations:               325
Memory used:               69480K
Parse time:                 0.34s
Bind time:                  0.15s
Check time:                 0.08s
Total time:                 0.63s
=== tier: t2-infer
--- run 1
Files:                         95
Symbols:                    37293
Types:                        930
Instantiations:              2530
Memory used:               70827K
Parse time:                 0.35s
Bind time:                  0.14s
Check time:                 0.13s
Total time:                 0.67s
--- run 2
Files:                         95
Symbols:                    37293
Types:                        930
Instantiations:              2530
Memory used:               70425K
Parse time:                 0.34s
Bind time:                  0.16s
Check time:                 0.13s
Total time:                 0.68s
--- run 3
Files:                         95
Symbols:                    37293
Types:                        930
Instantiations:              2530
Memory used:               70999K
Parse time:                 0.37s
Bind time:                  0.15s
Check time:                 0.13s
Total time:                 0.69s
=== tier: t3-wide
--- run 1
Files:                         95
Symbols:                    35263
Types:                        371
Instantiations:              1134
Memory used:               68912K
Parse time:                 0.35s
Bind time:                  0.14s
Check time:                 0.07s
Total time:                 0.61s
--- run 2
Files:                         95
Symbols:                    35263
Types:                        371
Instantiations:              1134
Memory used:               69115K
Parse time:                 0.34s
Bind time:                  0.15s
Check time:                 0.08s
Total time:                 0.61s
--- run 3
Files:                         95
Symbols:                    35263
Types:                        371
Instantiations:              1134
Memory used:               68998K
Parse time:                 0.36s
Bind time:                  0.15s
Check time:                 0.08s
Total time:                 0.63s
=== tier: t4-deep
--- run 1
Files:                         95
Symbols:                    35591
Types:                        540
Instantiations:              1674
Memory used:               67755K
Parse time:                 0.41s
Bind time:                  0.17s
Check time:                 0.15s
Total time:                 0.80s
--- run 2
Files:                         95
Symbols:                    35591
Types:                        540
Instantiations:              1674
Memory used:               67833K
Parse time:                 0.35s
Bind time:                  0.15s
Check time:                 0.10s
Total time:                 0.65s
--- run 3
Files:                         95
Symbols:                    35591
Types:                        540
Instantiations:              1674
Memory used:               67835K
Parse time:                 0.34s
Bind time:                  0.14s
Check time:                 0.10s
Total time:                 0.62s
=== tier: t5-union
--- run 1
Files:                         95
Symbols:                    37639
Types:                        915
Instantiations:              2690
Memory used:               71272K
Parse time:                 0.33s
Bind time:                  0.14s
Check time:                 0.13s
Total time:                 0.65s
--- run 2
Files:                         95
Symbols:                    37639
Types:                        915
Instantiations:              2690
Memory used:               71447K
Parse time:                 0.39s
Bind time:                  0.18s
Check time:                 0.13s
Total time:                 0.75s
--- run 3
Files:                         95
Symbols:                    37639
Types:                        915
Instantiations:              2690
Memory used:               71091K
Parse time:                 0.34s
Bind time:                  0.15s
Check time:                 0.13s
Total time:                 0.66s
