cmd: bash instruments/types-baseline.sh @ contract 859d149 (0.0.14), 2026-09-01
=== project: tsconfig.json
--- run 1
Files:                         383
Symbols:                    374406
Types:                       69995
Instantiations:             108922
Memory used:               378755K
Check time:                  9.64s
Total time:                 12.68s
--- run 2
Files:                         383
Symbols:                    374406
Types:                       69995
Instantiations:             108922
Memory used:               369665K
Check time:                  8.43s
Total time:                 11.24s
--- run 3
Files:                         383
Symbols:                    374406
Types:                       69995
Instantiations:             108922
Memory used:               377664K
Check time:                  6.88s
Total time:                  9.18s
=== project: configs/src/tsconfig.core.json
--- run 1
Files:                        105
Symbols:                    40722
Types:                      10632
Instantiations:             12189
Memory used:               85434K
Check time:                 1.28s
Total time:                 1.87s
--- run 2
Files:                        105
Symbols:                    40722
Types:                      10632
Instantiations:             12189
Memory used:               84030K
Check time:                 1.21s
Total time:                 1.78s
--- run 3
Files:                        105
Symbols:                    40722
Types:                      10632
Instantiations:             12189
Memory used:               82548K
Check time:                 1.24s
Total time:                 1.83s
